[dev.lorvent.com/globals/Hosting/index.html]
[backblue.gif]
[fade.gif]
[index.html]
[dev.lorvent.com/globals/Hosting/images/fevicon.png]
[dev.lorvent.com/globals/Hosting/css/roboto.min.css]
[dev.lorvent.com/globals/Hosting/css/bootstrap.min.css]
[dev.lorvent.com/globals/Hosting/css/material.css]
[dev.lorvent.com/globals/Hosting/css/bootstrap-material-design.min.css]
[dev.lorvent.com/globals/Hosting/css/ripples.min.css]
[dev.lorvent.com/globals/Hosting/css/material-design-icon.css]
[dev.lorvent.com/globals/Hosting/css/font-awesome.min.css]
[dev.lorvent.com/globals/Hosting/css/owl-carousel/owl.carousel.css]
[dev.lorvent.com/globals/Hosting/css/owl-carousel/owl.theme.css]
[dev.lorvent.com/globals/Hosting/css/custom.css]
[dev.lorvent.com/globals/Hosting/css/revolution-slider/css/settings.css]
[dev.lorvent.com/globals/Hosting/css/navigation.css]
[dev.lorvent.com/globals/Hosting/css/revolution-slider/layers.css]
[dev.lorvent.com/globals/Hosting/css/revolution-slider/style.css]
[dev.lorvent.com/globals/Hosting/css/tooltip/html5tooltips.css]
[dev.lorvent.com/globals/Hosting/css/tooltip/html5tooltips.animation.css]
[dev.lorvent.com/globals/Hosting/css/animate.css]
[dev.lorvent.com/globals/Hosting/css/hosting.css]
[dev.lorvent.com/globals/Hosting/css/select2.min.css]
[dev.lorvent.com/globals/Hosting/css/index.css]
[dev.lorvent.com/globals/Hosting/css/responsive.css]
[dev.lorvent.com/globals/Hosting/images/left-menu/userprofile.png]
[dev.lorvent.com/globals/Hosting/shared-hosting.html]
[dev.lorvent.com/globals/Hosting/dedicated-server.html]
[dev.lorvent.com/globals/Hosting/vps-hosting.html]
[dev.lorvent.com/globals/Hosting/domains.html]
[dev.lorvent.com/globals/Hosting/index-2.html]
[dev.lorvent.com/globals/Hosting/about.html]
[dev.lorvent.com/globals/Hosting/blog.html]
[dev.lorvent.com/globals/Hosting/contacts.html]
[dev.lorvent.com/globals/Hosting/images/header/globals-logo.png]
[dev.lorvent.com/globals/Hosting/styles.html]
[dev.lorvent.com/globals/Hosting/login-form.html]
[dev.lorvent.com/globals/Hosting/register-form.html]
[dev.lorvent.com/globals/Hosting/404-page1.html]
[dev.lorvent.com/globals/Hosting/404-page2.html]
[dev.lorvent.com/globals/Hosting/images/dummy.png]
[dev.lorvent.com/globals/Hosting/images/index-bg2.png]
[dev.lorvent.com/globals/Hosting/images/index-img/check.png]
[dev.lorvent.com/globals/Hosting/images/hosting-option/option1.png]
[dev.lorvent.com/globals/Hosting/images/hosting-option/option2.png]
[dev.lorvent.com/globals/Hosting/images/hosting-option/option3.png]
[dev.lorvent.com/globals/Hosting/images/hosting-option/option4.png]
[dev.lorvent.com/globals/Hosting/images/hosting-option/option5.png]
[dev.lorvent.com/globals/Hosting/images/hosting-option/option6.png]
[dev.lorvent.com/globals/Hosting/images/service/icon1.png]
[dev.lorvent.com/globals/Hosting/images/service/icon2.png]
[dev.lorvent.com/globals/Hosting/images/service/icon3.png]
[dev.lorvent.com/globals/Hosting/images/service/our-service.png]
[dev.lorvent.com/globals/Hosting/images/service/icon4.png]
[dev.lorvent.com/globals/Hosting/images/service/icon5.png]
[dev.lorvent.com/globals/Hosting/images/service/icon6.png]
[dev.lorvent.com/globals/Hosting/images/preview/view1.png]
[dev.lorvent.com/globals/Hosting/images/preview/view2.png]
[dev.lorvent.com/globals/Hosting/images/preview/view3.png]
[dev.lorvent.com/globals/Hosting/images/customer/customer.png]
[dev.lorvent.com/globals/Hosting/images/happy-client/sticker1.png]
[dev.lorvent.com/globals/Hosting/images/happy-client/sticker2.png]
[dev.lorvent.com/globals/Hosting/images/happy-client/sticker3.png]
[dev.lorvent.com/globals/Hosting/images/happy-client/sticker4.png]
[dev.lorvent.com/globals/Hosting/images/happy-client/sticker5.png]
[dev.lorvent.com/globals/Hosting/images/happy-client/sticker6.png]
[dev.lorvent.com/globals/Hosting/images/icons/facebook-icon.png]
[dev.lorvent.com/globals/Hosting/images/icons/twitter-icon.png]
[dev.lorvent.com/globals/Hosting/images/icons/google-icon.png]
[dev.lorvent.com/globals/Hosting/images/icons/pinterest-icon.png]
[dev.lorvent.com/globals/Hosting/images/icons/instagram-icon.png]
[dev.lorvent.com/globals/Hosting/images/icons/envato-icon.png]
[dev.lorvent.com/globals/Hosting/images/icons/flicker-icon.png]
[dev.lorvent.com/globals/Hosting/images/icons/dribbble-icon.png]
[dev.lorvent.com/globals/Hosting/images/footer/copyright.png]
[dev.lorvent.com/globals/Hosting/js/material.min.js]
[dev.lorvent.com/globals/Hosting/js/ripples.min.js]
[dev.lorvent.com/globals/Hosting/js/bootstrap.min.js]
[dev.lorvent.com/globals/Hosting/js/custom.js]
[dev.lorvent.com/globals/Hosting/js/parallax-slider/jquery.cslider.js]
[dev.lorvent.com/globals/Hosting/js/jquery-1.11.3.min.js]
[dev.lorvent.com/globals/Hosting/js/owl-carousel/owl.carousel.min.js]
[dev.lorvent.com/globals/Hosting/js/tooltip/html5tooltips.js]
[dev.lorvent.com/globals/Hosting/js/wow/wow.min.js]
[dev.lorvent.com/globals/Hosting/js/revolution-slider/jquery.themepunch.revolution.min.js]
[dev.lorvent.com/globals/Hosting/js/revolution-slider/jquery.themepunch.tools.min.js]
[dev.lorvent.com/globals/Hosting/js/select2.min.js]
[dev.lorvent.com/globals/Hosting/index.html]
[dev.lorvent.com/globals/Hosting/css/bootstrap.min.css]
[dev.lorvent.com/globals/Hosting/css/roboto.min.css]
[dev.lorvent.com/globals/Hosting/css/material.css]
[dev.lorvent.com/globals/Hosting/css/bootstrap-material-design.min.css]
[dev.lorvent.com/globals/Hosting/css/ripples.min.css]
[dev.lorvent.com/globals/Hosting/css/material-design-icon.css]
[dev.lorvent.com/globals/Hosting/css/font-awesome.min.css]
[dev.lorvent.com/globals/Hosting/images/footer/footer-img.png]
[dev.lorvent.com/globals/Hosting/images/left-menu/profile-background.png]
[dev.lorvent.com/globals/Hosting/css/custom.css]
[dev.lorvent.com/globals/Hosting/css/owl-carousel/owl.carousel.css]
[dev.lorvent.com/globals/Hosting/css/owl-carousel/owl.theme.css]
[dev.lorvent.com/globals/Hosting/css/revolution-slider/assets/timer.png]
[dev.lorvent.com/globals/Hosting/css/revolution-slider/css/settings.css]
[dev.lorvent.com/globals/Hosting/css/revolution-slider/layers.css]
[dev.lorvent.com/globals/Hosting/css/navigation.css]
[dev.lorvent.com/globals/Hosting/css/revolution-slider/style.css]
[dev.lorvent.com/globals/Hosting/css/tooltip/html5tooltips.css]
[dev.lorvent.com/globals/Hosting/css/tooltip/html5tooltips.animation.css]
[dev.lorvent.com/globals/Hosting/css/animate.css]
[dev.lorvent.com/globals/Hosting/images/preview/preview.png]
[dev.lorvent.com/globals/Hosting/images/page-error.png]
[dev.lorvent.com/globals/Hosting/css/hosting.css]
[dev.lorvent.com/globals/Hosting/css/select2.min.css]
[dev.lorvent.com/globals/Hosting/css/index.css]
[dev.lorvent.com/globals/Hosting/css/responsive.css]
[dev.lorvent.com/globals/Hosting/images/shared-hosting/shared-hosting.png]
[dev.lorvent.com/globals/Hosting/images/shared-feature/shared-icon1.png]
[dev.lorvent.com/globals/Hosting/images/shared-feature/shared-icon2.png]
[dev.lorvent.com/globals/Hosting/images/shared-feature/shared-icon3.png]
[dev.lorvent.com/globals/Hosting/images/shared-feature/shared-icon4.png]
[dev.lorvent.com/globals/Hosting/images/shared-feature/shared-icon5.png]
[dev.lorvent.com/globals/Hosting/images/shared-feature/shared-icon6.png]
[dev.lorvent.com/globals/Hosting/js/tweetie.js]
[dev.lorvent.com/globals/Hosting/js/shared-hosting.js]
[dev.lorvent.com/globals/Hosting/shared-hosting.html]
[dev.lorvent.com/globals/Hosting/images/vps-hosting/vps-hosting.png]
[dev.lorvent.com/globals/Hosting/vps-hosting.html]
[dev.lorvent.com/globals/Hosting/js/vps-hosting.js]
[dev.lorvent.com/globals/Hosting/images/dedicated-server/dedicated-server.png]
[dev.lorvent.com/globals/Hosting/images/dedicate-icon/dedicate-icon1.png]
[dev.lorvent.com/globals/Hosting/images/dedicate-icon/dedicate-icon2.png]
[dev.lorvent.com/globals/Hosting/images/dedicate-icon/dedicate-icon3.png]
[dev.lorvent.com/globals/Hosting/dedicated-server.html]
[dev.lorvent.com/globals/Hosting/js/dedicated-server.js]
[dev.lorvent.com/globals/Hosting/css/domain.css]
[dev.lorvent.com/globals/Hosting/images/index-img/check-domain.png]
[dev.lorvent.com/globals/Hosting/images/domain-feature/domain-feature1.png]
[dev.lorvent.com/globals/Hosting/images/domain-feature/domain-feature2.png]
[dev.lorvent.com/globals/Hosting/images/domain-feature/domain-feature3.png]
[dev.lorvent.com/globals/Hosting/js/domains.js]
[dev.lorvent.com/globals/Hosting/domains.html]
[dev.lorvent.com/globals/Hosting/index-2.html]
[dev.lorvent.com/globals/Hosting/css/about-slider.css]
[dev.lorvent.com/globals/Hosting/images/3.png]
[dev.lorvent.com/globals/Hosting/images/time-line/history-icon1.png]
[dev.lorvent.com/globals/Hosting/images/time-line/history-icon2.png]
[dev.lorvent.com/globals/Hosting/images/time-line/history-icon3.png]
[dev.lorvent.com/globals/Hosting/images/time-line/history-icon4.png]
[dev.lorvent.com/globals/Hosting/images/time-line/history-icon5.png]
[dev.lorvent.com/globals/Hosting/images/our-team/emp1.png]
[dev.lorvent.com/globals/Hosting/images/social-site/profile-logo1.png]
[dev.lorvent.com/globals/Hosting/images/social-site/profile-logo2.png]
[dev.lorvent.com/globals/Hosting/images/social-site/profile-logo3.png]
[dev.lorvent.com/globals/Hosting/images/our-team/emp2.png]
[dev.lorvent.com/globals/Hosting/images/social-site/profile-logo5.png]
[dev.lorvent.com/globals/Hosting/images/our-team/emp3.png]
[dev.lorvent.com/globals/Hosting/images/social-site/profile-logo6.png]
[dev.lorvent.com/globals/Hosting/images/social-site/profile-logo7.png]
[dev.lorvent.com/globals/Hosting/images/our-team/emp4.png]
[dev.lorvent.com/globals/Hosting/js/about.js]
[dev.lorvent.com/globals/Hosting/about.html]
[dev.lorvent.com/globals/Hosting/css/leftmenu/left-menu.css]
[dev.lorvent.com/globals/Hosting/css/quickview/jquery.fs.boxer.min.css]
[dev.lorvent.com/globals/Hosting/css/flickr/colorbox.css]
[dev.lorvent.com/globals/Hosting/css/plyr/plyr.css]
[dev.lorvent.com/globals/Hosting/blog-gallery.html]
[dev.lorvent.com/globals/Hosting/images/blog/post1.png]
[dev.lorvent.com/globals/Hosting/images/blog/post3.png]
[dev.lorvent.com/globals/Hosting/blog-standartpost.html]
[dev.lorvent.com/globals/Hosting/blog-singleimagepost.html]
[dev.lorvent.com/globals/Hosting/blog-audioplayer.html]
[dev.lorvent.com/globals/Hosting/js/player/audio/material-audio.mp3]
[dev.lorvent.com/globals/Hosting/blog-vedio.html]
[dev.lorvent.com/globals/Hosting/images/video-image.png]
[dev.lorvent.com/globals/Hosting/js/player/meterial.mp4]
[dev.lorvent.com/globals/Hosting/blog-quotepost.html]
[dev.lorvent.com/globals/Hosting/images/quote.png]
[dev.lorvent.com/globals/Hosting/images/post7/post7.png]
[dev.lorvent.com/globals/Hosting/blog-linkpost.html]
[dev.lorvent.com/globals/Hosting/images/quote2.png]
[dev.lorvent.com/globals/Hosting/images/popular-post/slider-post1.png]
[dev.lorvent.com/globals/Hosting/images/popular-post/slider-post2.png]
[dev.lorvent.com/globals/Hosting/js/quickview/jquery.fs.boxer.js]
[dev.lorvent.com/globals/Hosting/js/player/jquery.video-extend.js]
[dev.lorvent.com/globals/Hosting/js/plyr/plyr.js]
[dev.lorvent.com/globals/Hosting/js/flickr/jquery.cycle.all.min.js]
[dev.lorvent.com/globals/Hosting/js/flickr/jflickrfeed.min.js]
[dev.lorvent.com/globals/Hosting/js/flickr/jquery.colorbox-min.js]
[dev.lorvent.com/globals/Hosting/js/blog.js]
[dev.lorvent.com/globals/Hosting/blog.html]
[dev.lorvent.com/globals/Hosting/css/bootstrapValidator.min.css]
[dev.lorvent.com/globals/Hosting/js/bootstrapValidator.min.js]
[dev.lorvent.com/globals/Hosting/js/gmap/gmap3.min.js]
[dev.lorvent.com/globals/Hosting/js/contact.js]
[dev.lorvent.com/globals/Hosting/contacts.html]
[dev.lorvent.com/globals/Hosting/css/styles.css]
[dev.lorvent.com/globals/Hosting/js/styles.js]
[dev.lorvent.com/globals/Hosting/styles.html]
[dev.lorvent.com/globals/Hosting/images/form-lock.png]
[dev.lorvent.com/globals/Hosting/js/login-form.js]
[dev.lorvent.com/globals/Hosting/login-form.html]
[dev.lorvent.com/globals/Hosting/images/register-icon.png]
[dev.lorvent.com/globals/Hosting/register-form.html]
[dev.lorvent.com/globals/Hosting/js/404-page1.js]
[dev.lorvent.com/globals/Hosting/404-page1.html]
[dev.lorvent.com/globals/Hosting/404-page2.html]
[dev.lorvent.com/globals/Hosting/js/index.js]
[dev.lorvent.com/globals/Hosting/fonts/glyphicons-halflings-regular.html]
[dev.lorvent.com/globals/Hosting/fonts/glyphicons-halflings-regulard41d.html]
[dev.lorvent.com/globals/Hosting/fonts/glyphicons-halflings-regular-2.html]
[dev.lorvent.com/globals/Hosting/fonts/glyphicons-halflings-regular-3.html]
[dev.lorvent.com/globals/Hosting/fonts/glyphicons-halflings-regular-4.html]
[dev.lorvent.com/globals/Hosting/fonts/glyphicons-halflings-regular.svg]
[dev.lorvent.com/globals/Hosting/fonts/RobotoDraftRegular.html]
[dev.lorvent.com/globals/Hosting/fonts/RobotoDraftRegular-2.html]
[dev.lorvent.com/globals/Hosting/fonts/RobotoDraftMedium.html]
[dev.lorvent.com/globals/Hosting/fonts/RobotoDraftMedium-2.html]
[dev.lorvent.com/globals/Hosting/fonts/RobotoDraftBold.html]
[dev.lorvent.com/globals/Hosting/fonts/RobotoDraftBold-2.html]
[dev.lorvent.com/globals/Hosting/fonts/RobotoDraftItalic.html]
[dev.lorvent.com/globals/Hosting/fonts/RobotoDraftItalic-2.html]
[dev.lorvent.com/globals/Hosting/fonts/Material-Design-Icons64ea.html]
[dev.lorvent.com/globals/Hosting/fonts/Material-Design-Iconsd41d.html]
[dev.lorvent.com/globals/Hosting/fonts/Material-Design-Icons64ea-2.html]
[dev.lorvent.com/globals/Hosting/fonts/Material-Design-Icons64ea-3.html]
[dev.lorvent.com/globals/Hosting/fonts/Material-Design-Icons64ea.svg]
[dev.lorvent.com/globals/Hosting/fonts/fontawesome-webfont93e3.html]
[dev.lorvent.com/globals/Hosting/fonts/fontawesome-webfontd41d.html]
[dev.lorvent.com/globals/Hosting/fonts/fontawesome-webfont93e3-2.html]
[dev.lorvent.com/globals/Hosting/fonts/fontawesome-webfont93e3-3.html]
[dev.lorvent.com/globals/Hosting/fonts/fontawesome-webfont93e3-4.html]
[dev.lorvent.com/globals/Hosting/fonts/fontawesome-webfont93e3.svg]
[dev.lorvent.com/globals/Hosting/css/owl-carousel/grabbing.html]
[dev.lorvent.com/globals/Hosting/css/owl-carousel/AjaxLoader.html]
[dev.lorvent.com/globals/Hosting/css/revolution-slider/images/gradient/g30.html]
[dev.lorvent.com/globals/Hosting/css/revolution-slider/images/gradient/g40.html]
[dev.lorvent.com/globals/Hosting/css/revolution-slider/assets/shadow1.html]
[dev.lorvent.com/globals/Hosting/css/revolution-slider/assets/shadow2.html]
[dev.lorvent.com/globals/Hosting/css/revolution-slider/assets/shadow3.html]
[dev.lorvent.com/globals/Hosting/css/revolution-slider/assets/gridtile.html]
[dev.lorvent.com/globals/Hosting/css/revolution-slider/assets/gridtile_white.html]
[dev.lorvent.com/globals/Hosting/css/revolution-slider/assets/gridtile_3x3.html]
[dev.lorvent.com/globals/Hosting/css/revolution-slider/assets/gridtile_3x3_white.html]
[dev.lorvent.com/globals/Hosting/css/revolution-slider/assets/boxed_bgtile.html]
[dev.lorvent.com/globals/Hosting/css/revolution-slider/assets/navigdots_bgtile.html]
[dev.lorvent.com/globals/Hosting/css/revolution-slider/assets/bullet.html]
[dev.lorvent.com/globals/Hosting/css/revolution-slider/assets/bullets.html]
[dev.lorvent.com/globals/Hosting/css/revolution-slider/assets/bullets2.html]
[dev.lorvent.com/globals/Hosting/css/revolution-slider/assets/bullet_boxed.html]
[dev.lorvent.com/globals/Hosting/css/revolution-slider/assets/navigdots.html]
[dev.lorvent.com/globals/Hosting/css/revolution-slider/assets/large_left.html]
[dev.lorvent.com/globals/Hosting/css/revolution-slider/assets/large_right.html]
[dev.lorvent.com/globals/Hosting/css/revolution-slider/assets/small_left.html]
[dev.lorvent.com/globals/Hosting/css/revolution-slider/assets/small_right.html]
[dev.lorvent.com/globals/Hosting/css/revolution-slider/assets/arrow_left.html]
[dev.lorvent.com/globals/Hosting/css/revolution-slider/assets/arrow_right.html]
[dev.lorvent.com/globals/Hosting/css/revolution-slider/assets/small_left_boxed.html]
[dev.lorvent.com/globals/Hosting/css/revolution-slider/assets/small_right_boxed.html]
[dev.lorvent.com/globals/Hosting/css/revolution-slider/assets/arrowleft.html]
[dev.lorvent.com/globals/Hosting/css/revolution-slider/assets/arrowright.html]
[dev.lorvent.com/globals/Hosting/css/revolution-slider/assets/arrow_left2.html]
[dev.lorvent.com/globals/Hosting/css/revolution-slider/assets/arrow_right2.html]
[dev.lorvent.com/globals/Hosting/css/revolution-slider/assets/coloredbg.html]
[dev.lorvent.com/globals/Hosting/css/revolution-slider/assets/loader.html]
[dev.lorvent.com/globals/Hosting/css/revolution-slider/font/revicons90c6.html]
[dev.lorvent.com/globals/Hosting/css/revolution-slider/font/revicons90c6-2.html]
[dev.lorvent.com/globals/Hosting/css/revolution-slider/font/revicons90c6-3.html]
[dev.lorvent.com/globals/Hosting/css/revolution-slider/font/revicons90c6-4.html]
[dev.lorvent.com/globals/Hosting/css/domain.css]
[dev.lorvent.com/globals/Hosting/css/about-slider.css]
[dev.lorvent.com/globals/Hosting/images/profile-background.png]
[dev.lorvent.com/globals/Hosting/css/leftmenu/left-menu.css]
[dev.lorvent.com/globals/Hosting/css/quickview/jquery.fs.boxer.min.css]
[dev.lorvent.com/globals/Hosting/images/controls.png]
[dev.lorvent.com/globals/Hosting/images/loading.gif]
[dev.lorvent.com/globals/Hosting/css/flickr/colorbox.css]
[dev.lorvent.com/globals/Hosting/css/plyr/plyr.css]
[dev.lorvent.com/globals/Hosting/images/detail-quote.png]
[dev.lorvent.com/globals/Hosting/images/blog/admin.png]
[dev.lorvent.com/globals/Hosting/images/icon1.png]
[dev.lorvent.com/globals/Hosting/images/icon2.png]
[dev.lorvent.com/globals/Hosting/images/icon3.png]
[dev.lorvent.com/globals/Hosting/images/blog/post4.png]
[dev.lorvent.com/globals/Hosting/images/view2.png]
[dev.lorvent.com/globals/Hosting/images/comment-user/comment1.png]
[dev.lorvent.com/globals/Hosting/images/comment-user/comment2.png]
[dev.lorvent.com/globals/Hosting/images/comment-user/comment3.png]
[dev.lorvent.com/globals/Hosting/images/comment-user/comment4.png]
[dev.lorvent.com/globals/Hosting/images/comment-user/comment5.png]
[dev.lorvent.com/globals/Hosting/images/comment-user/comment6.png]
[dev.lorvent.com/globals/Hosting/js/blog-details.js]
[dev.lorvent.com/globals/Hosting/blog-gallery.html]
[dev.lorvent.com/globals/Hosting/blog-standartpost.html]
[dev.lorvent.com/globals/Hosting/blog-singleimagepost.html]
[dev.lorvent.com/globals/Hosting/blog-audioplayer.html]
[dev.lorvent.com/globals/Hosting/blog-vedio.html]
[dev.lorvent.com/globals/Hosting/blog-quotepost.html]
[dev.lorvent.com/globals/Hosting/blog-linkpost.html]
[dev.lorvent.com/globals/Hosting/css/bootstrapValidator.min.css]
[dev.lorvent.com/globals/Hosting/css/styles.css]
[dev.lorvent.com/globals/Hosting/js/leftmenu/left-menu.js]
